---
source: emulator/src/preprocessor/mod.rs
expression: report
---
  x Failed to process included file
  `->   x User error: message
         ,-[/error.S:1:8]
       1 | #error "message"
         :        ^^^^|^^^^
         :            `-- '#error' preprocessor directive used here
         `----
      
   ,-[/include.S:1:10]
 1 | #include "error.S"
   :          ^^^^|^^^^
   :              `-- File included here
   `----
