---
source: crates/emulator/tests/diagnostics.rs
expression: "check_full_pipeline_errors(\"main:\\n    reset\\nx: .space 50000000\")"
---
error: reserving 50000000 cells from address 1001 does not fit in memory (0..10000)
  ┌─ <preprocessed>:3:4
  │
3 │ x: .space 50000000
  │    ^^^^^^^^^^^^^^^ reservation is too large
