---
source: emulator/tests/diagnostics.rs
expression: "check_parse_errors(\"main:\\n    xyz\\n    add %a, %b\\n    !!!\\n    reset\")"
---
error: unknown instruction 'xyz'
  ┌─ test.S:2:5
  │
2 │     xyz
  │     ^^^ unknown instruction 'xyz'

error: unexpected '!', expected something else, '.', '/', end of input
  ┌─ test.S:4:5
  │
4 │     !!!
  │     ^ unexpected '!', expected something else, '.', '/', end of input
