---
source: emulator/tests/diagnostics.rs
assertion_line: 154
expression: "check_full_pipeline_errors(\"main:\\n    push [1234]\")"
---
error: invalid argument for 'push'
  ┌─ <preprocessed>:2:10
  │
2 │     push [1234]
  │     ---- ^^^^^^ invalid argument type 'direct memory [addr]', expected 'immediate value/register'
  │     │     
  │     in instruction 'push'
